// Jest Snapshot v1, https://goo.gl/fbAQLP

exports[`Testing DOM elements will create create snapshot 1`] = `
Object {
  "asFragment": [Function],
  "baseElement": <body>
    <div>
      <div>
        <div
          class="leaderboard"
        >
          <div
            class="MuiTableContainer-root leaderboardTable css-rorn0c-MuiTableContainer-root"
          >
            <table
              aria-label="simple table"
              border="2px"
              class="MuiTable-root css-1e30f4u-MuiTable-root"
            >
              <thead
                class="MuiTableHead-root css-15wwp11-MuiTableHead-root"
              >
                <tr
                  class="MuiTableRow-root MuiTableRow-head css-1q1u3t4-MuiTableRow-root"
                >
                  <th
                    class="MuiTableCell-root MuiTableCell-head MuiTableCell-sizeMedium css-1ygcj2i-MuiTableCell-root"
                    scope="col"
                  >
                    Users
                  </th>
                  <th
                    class="MuiTableCell-root MuiTableCell-head MuiTableCell-alignRight MuiTableCell-sizeMedium css-1azl6jz-MuiTableCell-root"
                    data-testid="answered"
                    scope="col"
                  >
                    Answered
                  </th>
                  <th
                    class="MuiTableCell-root MuiTableCell-head MuiTableCell-alignRight MuiTableCell-sizeMedium css-1azl6jz-MuiTableCell-root"
                    scope="col"
                  >
                    Created
                  </th>
                </tr>
              </thead>
              <tbody
                class="MuiTableBody-root css-apqrd9-MuiTableBody-root"
              />
            </table>
          </div>
        </div>
      </div>
    </div>
  </body>,
  "container": <div>
    <div>
      <div
        class="leaderboard"
      >
        <div
          class="MuiTableContainer-root leaderboardTable css-rorn0c-MuiTableContainer-root"
        >
          <table
            aria-label="simple table"
            border="2px"
            class="MuiTable-root css-1e30f4u-MuiTable-root"
          >
            <thead
              class="MuiTableHead-root css-15wwp11-MuiTableHead-root"
            >
              <tr
                class="MuiTableRow-root MuiTableRow-head css-1q1u3t4-MuiTableRow-root"
              >
                <th
                  class="MuiTableCell-root MuiTableCell-head MuiTableCell-sizeMedium css-1ygcj2i-MuiTableCell-root"
                  scope="col"
                >
                  Users
                </th>
                <th
                  class="MuiTableCell-root MuiTableCell-head MuiTableCell-alignRight MuiTableCell-sizeMedium css-1azl6jz-MuiTableCell-root"
                  data-testid="answered"
                  scope="col"
                >
                  Answered
                </th>
                <th
                  class="MuiTableCell-root MuiTableCell-head MuiTableCell-alignRight MuiTableCell-sizeMedium css-1azl6jz-MuiTableCell-root"
                  scope="col"
                >
                  Created
                </th>
              </tr>
            </thead>
            <tbody
              class="MuiTableBody-root css-apqrd9-MuiTableBody-root"
            />
          </table>
        </div>
      </div>
    </div>
  </div>,
  "debug": [Function],
  "findAllByAltText": [Function],
  "findAllByDisplayValue": [Function],
  "findAllByLabelText": [Function],
  "findAllByPlaceholderText": [Function],
  "findAllByRole": [Function],
  "findAllByTestId": [Function],
  "findAllByText": [Function],
  "findAllByTitle": [Function],
  "findByAltText": [Function],
  "findByDisplayValue": [Function],
  "findByLabelText": [Function],
  "findByPlaceholderText": [Function],
  "findByRole": [Function],
  "findByTestId": [Function],
  "findByText": [Function],
  "findByTitle": [Function],
  "getAllByAltText": [Function],
  "getAllByDisplayValue": [Function],
  "getAllByLabelText": [Function],
  "getAllByPlaceholderText": [Function],
  "getAllByRole": [Function],
  "getAllByTestId": [Function],
  "getAllByText": [Function],
  "getAllByTitle": [Function],
  "getByAltText": [Function],
  "getByDisplayValue": [Function],
  "getByLabelText": [Function],
  "getByPlaceholderText": [Function],
  "getByRole": [Function],
  "getByTestId": [Function],
  "getByText": [Function],
  "getByTitle": [Function],
  "queryAllByAltText": [Function],
  "queryAllByDisplayValue": [Function],
  "queryAllByLabelText": [Function],
  "queryAllByPlaceholderText": [Function],
  "queryAllByRole": [Function],
  "queryAllByTestId": [Function],
  "queryAllByText": [Function],
  "queryAllByTitle": [Function],
  "queryByAltText": [Function],
  "queryByDisplayValue": [Function],
  "queryByLabelText": [Function],
  "queryByPlaceholderText": [Function],
  "queryByRole": [Function],
  "queryByTestId": [Function],
  "queryByText": [Function],
  "queryByTitle": [Function],
  "rerender": [Function],
  "unmount": [Function],
}
`;
